ARM Linker, 5.03 [Build 76] [MDK-ARM Standard]

==============================================================================

Section Cross References

    bai6.o(RESET) refers to bai6.o(MYCODE) for Reset_Handler
    bai6.o(MYCODE) refers to bai6.o(RESET) for matran


==============================================================================

Image Symbol Table

    Local Symbols

    Symbol Name                              Value     Ov Type        Size  Object(Section)

    bai6.s                                   0x00000000   Number         0  bai6.o ABSOLUTE
    RESET                                    0x08000000   Section       80  bai6.o(RESET)
    matran                                   0x08000008   Data          16  bai6.o(RESET)
    MAXCC                                    0x08000048   Data           4  bai6.o(RESET)
    MINCC                                    0x0800004c   Data           4  bai6.o(RESET)
    MYCODE                                   0x08000050   Section       72  bai6.o(MYCODE)

    Global Symbols

    Symbol Name                              Value     Ov Type        Size  Object(Section)

    BuildAttributes$$THM_ISAv4$P$D$K$B$S$PE$A:L22UL41UL21$X:L11$S22US41US21$IEEE1$IW$USESV6$~STKCKD$USESV7$~SHL$OSPACE$EBA8$STANDARDLIB$PRES8$EABIv2 0x00000000   Number         0  anon$$obj.o ABSOLUTE
    Reset_Handler                            0x08000051   Thumb Code     0  bai6.o(MYCODE)



==============================================================================

Memory Map of the image

  Image Entry point : 0x08000051

  Load Region LR_IROM1 (Base: 0x08000000, Size: 0x00000098, Max: 0x00020000, ABSOLUTE)

    Execution Region ER_IROM1 (Base: 0x08000000, Size: 0x00000098, Max: 0x00020000, ABSOLUTE)

    Base Addr    Size         Type   Attr      Idx    E Section Name        Object

    0x08000000   0x00000050   Data   RO            1    RESET               bai6.o
    0x08000050   0x00000048   Code   RO            2  * MYCODE              bai6.o


    Execution Region RW_IRAM1 (Base: 0x20000000, Size: 0x00000000, Max: 0x00002000, ABSOLUTE)

    **** No section assigned to this execution region ****


==============================================================================

Image component sizes


      Code (inc. data)   RO Data    RW Data    ZI Data      Debug   Object Name

        72         14         80          0          0        232   bai6.o

    ----------------------------------------------------------------------
        72         14         80          0          0        232   Object Totals
         0          0          0          0          0          0   (incl. Generated)
         0          0          0          0          0          0   (incl. Padding)

    ----------------------------------------------------------------------
         0          0          0          0          0          0   Library Totals
         0          0          0          0          0          0   (incl. Padding)

    ----------------------------------------------------------------------

==============================================================================


      Code (inc. data)   RO Data    RW Data    ZI Data      Debug   

        72         14         80          0          0        232   Grand Totals
        72         14         80          0          0        232   ELF Image Totals
        72         14         80          0          0          0   ROM Totals

==============================================================================

    Total RO  Size (Code + RO Data)                  152 (   0.15kB)
    Total RW  Size (RW Data + ZI Data)                 0 (   0.00kB)
    Total ROM Size (Code + RO Data + RW Data)        152 (   0.15kB)

==============================================================================

