ARM Linker, 5.03 [Build 76] [MDK-ARM Standard]

==============================================================================

Section Cross References

    bai1.o(RESET) refers to bai1.o(MYCODE) for start
    bai1.o(MYCODE) refers to bai1.o(RESET) for CHUOIA
    bai1.o(MYCODE) refers to bai1.o(KETQUA) for KQ


==============================================================================

Image Symbol Table

    Local Symbols

    Symbol Name                              Value     Ov Type        Size  Object(Section)

    bai1.s                                   0x00000000   Number         0  bai1.o ABSOLUTE
    RESET                                    0x08000000   Section       24  bai1.o(RESET)
    CHUOIA                                   0x08000008   Data           4  bai1.o(RESET)
    CHUOIB                                   0x08000010   Data           4  bai1.o(RESET)
    MYCODE                                   0x08000018   Section       72  bai1.o(MYCODE)
    start                                    0x08000019   Thumb Code     0  bai1.o(MYCODE)
    KETQUA                                   0x20000000   Section        4  bai1.o(KETQUA)
    KQ                                       0x20000000   Data           4  bai1.o(KETQUA)

    Global Symbols

    Symbol Name                              Value     Ov Type        Size  Object(Section)

    BuildAttributes$$THM_ISAv4$P$D$K$B$S$PE$A:L22UL41UL21$X:L11$S22US41US21$IEEE1$IW$USESV6$~STKCKD$USESV7$~SHL$OSPACE$EBA8$STANDARDLIB$PRES8$EABIv2 0x00000000   Number         0  anon$$obj.o ABSOLUTE



==============================================================================

Memory Map of the image

  Image Entry point : 0x08000019

  Load Region LR_IROM1 (Base: 0x08000000, Size: 0x00000064, Max: 0x00020000, ABSOLUTE)

    Execution Region ER_IROM1 (Base: 0x08000000, Size: 0x00000060, Max: 0x00020000, ABSOLUTE)

    Base Addr    Size         Type   Attr      Idx    E Section Name        Object

    0x08000000   0x00000018   Data   RO            1    RESET               bai1.o
    0x08000018   0x00000048   Code   RO            3  * MYCODE              bai1.o


    Execution Region RW_IRAM1 (Base: 0x20000000, Size: 0x00000004, Max: 0x00002000, ABSOLUTE)

    Base Addr    Size         Type   Attr      Idx    E Section Name        Object

    0x20000000   0x00000004   Data   RW            2    KETQUA              bai1.o


==============================================================================

Image component sizes


      Code (inc. data)   RO Data    RW Data    ZI Data      Debug   Object Name

        72         12         24          4          0        232   bai1.o

    ----------------------------------------------------------------------
        72         12         24          4          0        232   Object Totals
         0          0          0          0          0          0   (incl. Generated)
         0          0          0          0          0          0   (incl. Padding)

    ----------------------------------------------------------------------
         0          0          0          0          0          0   Library Totals
         0          0          0          0          0          0   (incl. Padding)

    ----------------------------------------------------------------------

==============================================================================


      Code (inc. data)   RO Data    RW Data    ZI Data      Debug   

        72         12         24          4          0        232   Grand Totals
        72         12         24          4          0        232   ELF Image Totals
        72         12         24          4          0          0   ROM Totals

==============================================================================

    Total RO  Size (Code + RO Data)                   96 (   0.09kB)
    Total RW  Size (RW Data + ZI Data)                 4 (   0.00kB)
    Total ROM Size (Code + RO Data + RW Data)        100 (   0.10kB)

==============================================================================

