ARM Linker, 5.03 [Build 76] [MDK-ARM Standard]

==============================================================================

Section Cross References

    bai3.o(RESET) refers to bai3.o(MYCODE) for start
    bai3.o(MYCODE) refers to bai3.o(RESET) for N


==============================================================================

Image Symbol Table

    Local Symbols

    Symbol Name                              Value     Ov Type        Size  Object(Section)

    bai3.s                                   0x00000000   Number         0  bai3.o ABSOLUTE
    RESET                                    0x08000000   Section       12  bai3.o(RESET)
    N                                        0x08000008   Data           4  bai3.o(RESET)
    MYCODE                                   0x0800000c   Section       26  bai3.o(MYCODE)
    start                                    0x0800000d   Thumb Code     0  bai3.o(MYCODE)

    Global Symbols

    Symbol Name                              Value     Ov Type        Size  Object(Section)

    BuildAttributes$$THM_ISAv4$P$D$K$B$S$PE$A:L22UL41UL21$X:L11$S22US41US21$IEEE1$IW$USESV6$~STKCKD$USESV7$~SHL$OSPACE$EBA8$STANDARDLIB$PRES8$EABIv2 0x00000000   Number         0  anon$$obj.o ABSOLUTE



==============================================================================

Memory Map of the image

  Image Entry point : 0x0800000d

  Load Region LR_IROM1 (Base: 0x08000000, Size: 0x00000028, Max: 0x00020000, ABSOLUTE)

    Execution Region ER_IROM1 (Base: 0x08000000, Size: 0x00000028, Max: 0x00020000, ABSOLUTE)

    Base Addr    Size         Type   Attr      Idx    E Section Name        Object

    0x08000000   0x0000000c   Data   RO            1    RESET               bai3.o
    0x0800000c   0x0000001a   Code   RO            2  * MYCODE              bai3.o


    Execution Region RW_IRAM1 (Base: 0x20000000, Size: 0x00000000, Max: 0x00002000, ABSOLUTE)

    **** No section assigned to this execution region ****


==============================================================================

Image component sizes


      Code (inc. data)   RO Data    RW Data    ZI Data      Debug   Object Name

        26          0         12          0          0        216   bai3.o

    ----------------------------------------------------------------------
        28          0         12          0          0        216   Object Totals
         0          0          0          0          0          0   (incl. Generated)
         2          0          0          0          0          0   (incl. Padding)

    ----------------------------------------------------------------------
         0          0          0          0          0          0   Library Totals
         0          0          0          0          0          0   (incl. Padding)

    ----------------------------------------------------------------------

==============================================================================


      Code (inc. data)   RO Data    RW Data    ZI Data      Debug   

        28          0         12          0          0        216   Grand Totals
        28          0         12          0          0        216   ELF Image Totals
        28          0         12          0          0          0   ROM Totals

==============================================================================

    Total RO  Size (Code + RO Data)                   40 (   0.04kB)
    Total RW  Size (RW Data + ZI Data)                 0 (   0.00kB)
    Total ROM Size (Code + RO Data + RW Data)         40 (   0.04kB)

==============================================================================

