<html>
<body>
<pre>
<h1>µVision Build Log</h1>
<h2>Project:</h2>
D:\Developer\Projects\Microcontroller\LTHN\Lab1\Bai3\bai3.uvproj
Project File Date:  09/05/2024

<h2>Output:</h2>
Build target 'Target 1'
assembling bai3.s...
linking...
.\bai3.sct(8): warning: L6314W: No section matches pattern *(InRoot$$Sections).
Program Size: Code=28 RO-data=12 RW-data=0 ZI-data=0  
".\bai3.axf" - 0 Errors, 1 Warning(s).
Build target 'Target 1'
assembling bai3.s...
linking...
.\bai3.sct(8): warning: L6314W: No section matches pattern *(InRoot$$Sections).
Program Size: Code=28 RO-data=12 RW-data=0 ZI-data=0  
".\bai3.axf" - 0 Errors, 1 Warning(s).
