ARM Linker, 5.03 [Build 76] [MDK-ARM Standard]

==============================================================================

Section Cross References

    bai5.o(RESET) refers to bai5.o(mycode) for start
    bai5.o(mycode) refers to bai5.o(RESET) for CHUOI1
    bai5.o(mycode) refers to bai5.o(KETQUA) for KQ


==============================================================================

Image Symbol Table

    Local Symbols

    Symbol Name                              Value     Ov Type        Size  Object(Section)

    Bai5.s                                   0x00000000   Number         0  bai5.o ABSOLUTE
    RESET                                    0x08000000   Section       24  bai5.o(RESET)
    CHUOI1                                   0x08000008   Data          11  bai5.o(RESET)
    CHUOI2                                   0x08000013   Data           5  bai5.o(RESET)
    mycode                                   0x08000018   Section       60  bai5.o(mycode)
    start                                    0x08000019   Thumb Code     0  bai5.o(mycode)
    KETQUA                                   0x20000000   Section        1  bai5.o(KETQUA)
    KQ                                       0x20000000   Data           1  bai5.o(KETQUA)

    Global Symbols

    Symbol Name                              Value     Ov Type        Size  Object(Section)

    BuildAttributes$$THM_ISAv4$P$D$K$B$S$PE$A:L22UL41UL21$X:L11$S22US41US21$IEEE1$IW$USESV6$~STKCKD$USESV7$~SHL$OSPACE$EBA8$STANDARDLIB$PRES8$EABIv2 0x00000000   Number         0  anon$$obj.o ABSOLUTE



==============================================================================

Memory Map of the image

  Image Entry point : 0x08000019

  Load Region LR_IROM1 (Base: 0x08000000, Size: 0x00000058, Max: 0x00020000, ABSOLUTE)

    Execution Region ER_IROM1 (Base: 0x08000000, Size: 0x00000054, Max: 0x00020000, ABSOLUTE)

    Base Addr    Size         Type   Attr      Idx    E Section Name        Object

    0x08000000   0x00000018   Data   RO            1    RESET               bai5.o
    0x08000018   0x0000003c   Code   RO            3  * mycode              bai5.o


    Execution Region RW_IRAM1 (Base: 0x20000000, Size: 0x00000004, Max: 0x00002000, ABSOLUTE)

    Base Addr    Size         Type   Attr      Idx    E Section Name        Object

    0x20000000   0x00000001   Data   RW            2    KETQUA              bai5.o


==============================================================================

Image component sizes


      Code (inc. data)   RO Data    RW Data    ZI Data      Debug   Object Name

        60         14         24          1          0        224   bai5.o

    ----------------------------------------------------------------------
        60         14         24          4          0        224   Object Totals
         0          0          0          0          0          0   (incl. Generated)
         0          0          0          3          0          0   (incl. Padding)

    ----------------------------------------------------------------------
         0          0          0          0          0          0   Library Totals
         0          0          0          0          0          0   (incl. Padding)

    ----------------------------------------------------------------------

==============================================================================


      Code (inc. data)   RO Data    RW Data    ZI Data      Debug   

        60         14         24          4          0        224   Grand Totals
        60         14         24          4          0        224   ELF Image Totals
        60         14         24          4          0          0   ROM Totals

==============================================================================

    Total RO  Size (Code + RO Data)                   84 (   0.08kB)
    Total RW  Size (RW Data + ZI Data)                 4 (   0.00kB)
    Total ROM Size (Code + RO Data + RW Data)         88 (   0.09kB)

==============================================================================

