ARM Linker, 5.03 [Build 76] [MDK-ARM Standard]

==============================================================================

Section Cross References

    bai4.o(RESET) refers to bai4.o(mycode) for start
    bai4.o(mycode) refers to bai4.o(RESET) for MATRAN


==============================================================================

Removing Unused input sections from the image.

    Removing bai4.o(KQ), (4 bytes).

1 unused section(s) (total 4 bytes) removed from the image.

==============================================================================

Image Symbol Table

    Local Symbols

    Symbol Name                              Value     Ov Type        Size  Object(Section)

    bai4.s                                   0x00000000   Number         0  bai4.o ABSOLUTE
    RESET                                    0x08000000   Section       44  bai4.o(RESET)
    MATRAN                                   0x08000008   Data          12  bai4.o(RESET)
    mycode                                   0x0800002c   Section       32  bai4.o(mycode)

    Global Symbols

    Symbol Name                              Value     Ov Type        Size  Object(Section)

    BuildAttributes$$THM_ISAv4$P$D$K$B$S$PE$A:L22UL41UL21$X:L11$S22US41US21$IEEE1$IW$USESV6$~STKCKD$USESV7$~SHL$OSPACE$EBA8$STANDARDLIB$PRES8$EABIv2 0x00000000   Number         0  anon$$obj.o ABSOLUTE
    start                                    0x0800002d   Thumb Code     0  bai4.o(mycode)



==============================================================================

Memory Map of the image

  Image Entry point : 0x0800002d

  Load Region LR_IROM1 (Base: 0x08000000, Size: 0x0000004c, Max: 0x00020000, ABSOLUTE)

    Execution Region ER_IROM1 (Base: 0x08000000, Size: 0x0000004c, Max: 0x00020000, ABSOLUTE)

    Base Addr    Size         Type   Attr      Idx    E Section Name        Object

    0x08000000   0x0000002c   Data   RO            1    RESET               bai4.o
    0x0800002c   0x00000020   Code   RO            3  * mycode              bai4.o


    Execution Region RW_IRAM1 (Base: 0x20000000, Size: 0x00000000, Max: 0x00002000, ABSOLUTE)

    **** No section assigned to this execution region ****


==============================================================================

Image component sizes


      Code (inc. data)   RO Data    RW Data    ZI Data      Debug   Object Name

        32          4         44          0          0        216   bai4.o

    ----------------------------------------------------------------------
        32          4         44          0          0        216   Object Totals
         0          0          0          0          0          0   (incl. Generated)
         0          0          0          0          0          0   (incl. Padding)

    ----------------------------------------------------------------------
         0          0          0          0          0          0   Library Totals
         0          0          0          0          0          0   (incl. Padding)

    ----------------------------------------------------------------------

==============================================================================


      Code (inc. data)   RO Data    RW Data    ZI Data      Debug   

        32          4         44          0          0        216   Grand Totals
        32          4         44          0          0        216   ELF Image Totals
        32          4         44          0          0          0   ROM Totals

==============================================================================

    Total RO  Size (Code + RO Data)                   76 (   0.07kB)
    Total RW  Size (RW Data + ZI Data)                 0 (   0.00kB)
    Total ROM Size (Code + RO Data + RW Data)         76 (   0.07kB)

==============================================================================

