<html>
<body>
<pre>
<h1>µVision Build Log</h1>
<h2>Project:</h2>
D:\Developer\Projects\Microcontroller\LTHN\Lab2\Bai4\bai4.uvproj
Project File Date:  09/16/2024

<h2>Output:</h2>
Build target 'Target 1'
assembling bai4.s...
linking...
.\bai4.sct(8): warning: L6314W: No section matches pattern *(InRoot$$Sections).
Program Size: Code=44 RO-data=44 RW-data=4 ZI-data=0  
".\bai4.axf" - 0 Errors, 1 Warning(s).
Build target 'Target 1'
linking...
.\bai4.sct(8): warning: L6314W: No section matches pattern *(InRoot$$Sections).
Program Size: Code=44 RO-data=44 RW-data=4 ZI-data=0  
".\bai4.axf" - 0 Errors, 1 Warning(s).
Build target 'Target 1'
assembling bai4.s...
bai4.s(33): warning: A1581W: Added 2 bytes of padding at address 0x1e
linking...
.\bai4.sct(8): warning: L6314W: No section matches pattern *(InRoot$$Sections).
Program Size: Code=36 RO-data=44 RW-data=0 ZI-data=0  
".\bai4.axf" - 0 Errors, 2 Warning(s).
Build target 'Target 1'
assembling bai4.s...
bai4.s(34): warning: A1581W: Added 2 bytes of padding at address 0x1e
linking...
.\bai4.sct(8): warning: L6314W: No section matches pattern *(InRoot$$Sections).
Program Size: Code=36 RO-data=44 RW-data=0 ZI-data=0  
".\bai4.axf" - 0 Errors, 2 Warning(s).
Build target 'Target 1'
assembling bai4.s...
linking...
.\bai4.sct(8): warning: L6314W: No section matches pattern *(InRoot$$Sections).
Program Size: Code=32 RO-data=44 RW-data=0 ZI-data=0  
".\bai4.axf" - 0 Errors, 1 Warning(s).
