ARM Linker, 5.03 [Build 76] [MDK-ARM Standard]

==============================================================================

Section Cross References

    bai4.o(RESET) refers to bai4.o(MYCODE) for start
    bai4.o(MYCODE) refers to bai4.o(RESET) for chuoi
    bai4.o(MYCODE) refers to bai4.o(KETQUA) for KQ


==============================================================================

Image Symbol Table

    Local Symbols

    Symbol Name                              Value     Ov Type        Size  Object(Section)

    Bai4.s                                   0x00000000   Number         0  bai4.o ABSOLUTE
    RESET                                    0x08000000   Section       34  bai4.o(RESET)
    chuoi                                    0x08000008   Data          26  bai4.o(RESET)
    MYCODE                                   0x08000024   Section       56  bai4.o(MYCODE)
    start                                    0x08000025   Thumb Code     0  bai4.o(MYCODE)
    KETQUA                                   0x20000000   Section        1  bai4.o(KETQUA)
    KQ                                       0x20000000   Data           1  bai4.o(KETQUA)

    Global Symbols

    Symbol Name                              Value     Ov Type        Size  Object(Section)

    BuildAttributes$$THM_ISAv4$P$D$K$B$S$PE$A:L22UL41UL21$X:L11$S22US41US21$IEEE1$IW$USESV6$~STKCKD$USESV7$~SHL$OSPACE$EBA8$STANDARDLIB$PRES8$EABIv2 0x00000000   Number         0  anon$$obj.o ABSOLUTE



==============================================================================

Memory Map of the image

  Image Entry point : 0x08000025

  Load Region LR_IROM1 (Base: 0x08000000, Size: 0x00000060, Max: 0x00020000, ABSOLUTE)

    Execution Region ER_IROM1 (Base: 0x08000000, Size: 0x0000005c, Max: 0x00020000, ABSOLUTE)

    Base Addr    Size         Type   Attr      Idx    E Section Name        Object

    0x08000000   0x00000022   Data   RO            1    RESET               bai4.o
    0x08000022   0x00000002   PAD
    0x08000024   0x00000038   Code   RO            3  * MYCODE              bai4.o


    Execution Region RW_IRAM1 (Base: 0x20000000, Size: 0x00000004, Max: 0x00002000, ABSOLUTE)

    Base Addr    Size         Type   Attr      Idx    E Section Name        Object

    0x20000000   0x00000001   Data   RW            2    KETQUA              bai4.o


==============================================================================

Image component sizes


      Code (inc. data)   RO Data    RW Data    ZI Data      Debug   Object Name

        56          8         34          1          0        224   bai4.o

    ----------------------------------------------------------------------
        56          8         36          4          0        224   Object Totals
         0          0          0          0          0          0   (incl. Generated)
         0          0          2          3          0          0   (incl. Padding)

    ----------------------------------------------------------------------
         0          0          0          0          0          0   Library Totals
         0          0          0          0          0          0   (incl. Padding)

    ----------------------------------------------------------------------

==============================================================================


      Code (inc. data)   RO Data    RW Data    ZI Data      Debug   

        56          8         36          4          0        224   Grand Totals
        56          8         36          4          0        224   ELF Image Totals
        56          8         36          4          0          0   ROM Totals

==============================================================================

    Total RO  Size (Code + RO Data)                   92 (   0.09kB)
    Total RW  Size (RW Data + ZI Data)                 4 (   0.00kB)
    Total ROM Size (Code + RO Data + RW Data)         96 (   0.09kB)

==============================================================================

