ARM Linker, 5.03 [Build 76] [MDK-ARM Standard]

==============================================================================

Section Cross References

    bai2.o(reset) refers to bai2.o(huu) for main
    bai2.o(huu) refers to bai2.o(data2) for subtitution
    bai2.o(huu) refers to bai2.o(reset) for chuoi
    bai2.o(huu) refers to bai2.o(data1) for result


==============================================================================

Image Symbol Table

    Local Symbols

    Symbol Name                              Value     Ov Type        Size  Object(Section)

    bai2.S                                   0x00000000   Number         0  bai2.o ABSOLUTE
    reset                                    0x08000000   Section       19  bai2.o(reset)
    chuoi                                    0x08000008   Data          11  bai2.o(reset)
    huu                                      0x08000014   Section       44  bai2.o(huu)
    main                                     0x08000015   Thumb Code     0  bai2.o(huu)
    data2                                    0x08000040   Section       27  bai2.o(data2)
    subtitution                              0x08000040   Data          27  bai2.o(data2)
    data1                                    0x20000000   Section        1  bai2.o(data1)
    result                                   0x20000000   Data           1  bai2.o(data1)

    Global Symbols

    Symbol Name                              Value     Ov Type        Size  Object(Section)

    BuildAttributes$$THM_ISAv4$P$D$K$B$S$PE$A:L22UL41UL21$X:L11$S22US41US21$IEEE1$IW$USESV6$~STKCKD$USESV7$~SHL$OSPACE$EBA8$STANDARDLIB$PRES8$EABIv2 0x00000000   Number         0  anon$$obj.o ABSOLUTE



==============================================================================

Memory Map of the image

  Image Entry point : 0x08000015

  Load Region LR_IROM1 (Base: 0x08000000, Size: 0x00000060, Max: 0x00020000, ABSOLUTE)

    Execution Region ER_IROM1 (Base: 0x08000000, Size: 0x0000005c, Max: 0x00020000, ABSOLUTE)

    Base Addr    Size         Type   Attr      Idx    E Section Name        Object

    0x08000000   0x00000013   Data   RO            1    reset               bai2.o
    0x08000013   0x00000001   PAD
    0x08000014   0x0000002c   Code   RO            4  * huu                 bai2.o
    0x08000040   0x0000001b   Data   RO            2    data2               bai2.o


    Execution Region RW_IRAM1 (Base: 0x20000000, Size: 0x00000004, Max: 0x00002000, ABSOLUTE)

    Base Addr    Size         Type   Attr      Idx    E Section Name        Object

    0x20000000   0x00000001   Data   RW            3    data1               bai2.o


==============================================================================

Image component sizes


      Code (inc. data)   RO Data    RW Data    ZI Data      Debug   Object Name

        44         12         46          1          0        220   bai2.o

    ----------------------------------------------------------------------
        44         12         48          4          0        220   Object Totals
         0          0          0          0          0          0   (incl. Generated)
         0          0          2          3          0          0   (incl. Padding)

    ----------------------------------------------------------------------
         0          0          0          0          0          0   Library Totals
         0          0          0          0          0          0   (incl. Padding)

    ----------------------------------------------------------------------

==============================================================================


      Code (inc. data)   RO Data    RW Data    ZI Data      Debug   

        44         12         48          4          0        220   Grand Totals
        44         12         48          4          0        220   ELF Image Totals
        44         12         48          4          0          0   ROM Totals

==============================================================================

    Total RO  Size (Code + RO Data)                   92 (   0.09kB)
    Total RW  Size (RW Data + ZI Data)                 4 (   0.00kB)
    Total ROM Size (Code + RO Data + RW Data)         96 (   0.09kB)

==============================================================================

