ARM Linker, 5.03 [Build 76] [MDK-ARM Standard]

==============================================================================

Section Cross References

    bai2.o(RESET) refers to bai2.o(HUU) for MAIN
    bai2.o(HUU) refers to bai2.o(DATA1) for KT1
    bai2.o(HUU) refers to bai2.o(DATA2) for KT2
    bai2.o(HUU) refers to bai2.o(KQ) for KETQUA


==============================================================================

Image Symbol Table

    Local Symbols

    Symbol Name                              Value     Ov Type        Size  Object(Section)

    bai2.S                                   0x00000000   Number         0  bai2.o ABSOLUTE
    RESET                                    0x08000000   Section        8  bai2.o(RESET)
    HUU                                      0x08000008   Section       60  bai2.o(HUU)
    MAIN                                     0x08000009   Thumb Code     0  bai2.o(HUU)
    DATA1                                    0x08000044   Section       68  bai2.o(DATA1)
    MATRAN1                                  0x08000044   Data           0  bai2.o(DATA1)
    KT1                                      0x08000084   Data           4  bai2.o(DATA1)
    DATA2                                    0x08000088   Section       68  bai2.o(DATA2)
    MATRAN2                                  0x08000088   Data           0  bai2.o(DATA2)
    KT2                                      0x080000c8   Data           4  bai2.o(DATA2)
    KQ                                       0x20000000   Section        4  bai2.o(KQ)
    KETQUA                                   0x20000000   Data           4  bai2.o(KQ)

    Global Symbols

    Symbol Name                              Value     Ov Type        Size  Object(Section)

    BuildAttributes$$THM_ISAv4$P$D$K$B$S$PE$A:L22UL41UL21$X:L11$S22US41US21$IEEE1$IW$USESV6$~STKCKD$USESV7$~SHL$OSPACE$EBA8$STANDARDLIB$PRES8$EABIv2 0x00000000   Number         0  anon$$obj.o ABSOLUTE



==============================================================================

Memory Map of the image

  Image Entry point : 0x08000009

  Load Region LR_IROM1 (Base: 0x08000000, Size: 0x000000d0, Max: 0x00020000, ABSOLUTE)

    Execution Region ER_IROM1 (Base: 0x08000000, Size: 0x000000cc, Max: 0x00020000, ABSOLUTE)

    Base Addr    Size         Type   Attr      Idx    E Section Name        Object

    0x08000000   0x00000008   Data   RO            1    RESET               bai2.o
    0x08000008   0x0000003c   Code   RO            5  * HUU                 bai2.o
    0x08000044   0x00000044   Data   RO            2    DATA1               bai2.o
    0x08000088   0x00000044   Data   RO            3    DATA2               bai2.o


    Execution Region RW_IRAM1 (Base: 0x20000000, Size: 0x00000004, Max: 0x00002000, ABSOLUTE)

    Base Addr    Size         Type   Attr      Idx    E Section Name        Object

    0x20000000   0x00000004   Data   RW            4    KQ                  bai2.o


==============================================================================

Image component sizes


      Code (inc. data)   RO Data    RW Data    ZI Data      Debug   Object Name

        60         12        144          4          0        224   bai2.o

    ----------------------------------------------------------------------
        60         12        144          4          0        224   Object Totals
         0          0          0          0          0          0   (incl. Generated)
         0          0          0          0          0          0   (incl. Padding)

    ----------------------------------------------------------------------
         0          0          0          0          0          0   Library Totals
         0          0          0          0          0          0   (incl. Padding)

    ----------------------------------------------------------------------

==============================================================================


      Code (inc. data)   RO Data    RW Data    ZI Data      Debug   

        60         12        144          4          0        224   Grand Totals
        60         12        144          4          0        224   ELF Image Totals
        60         12        144          4          0          0   ROM Totals

==============================================================================

    Total RO  Size (Code + RO Data)                  204 (   0.20kB)
    Total RW  Size (RW Data + ZI Data)                 4 (   0.00kB)
    Total ROM Size (Code + RO Data + RW Data)        208 (   0.20kB)

==============================================================================

