<html>
<body>
<pre>
<h1>µVision Build Log</h1>
<h2>Project:</h2>
D:\Developer\Projects\Microcontroller\LTHN\Lab6\Bai2\bai2.uvproj
Project File Date:  10/06/2024

<h2>Output:</h2>
Build target 'Target 1'
linking...
.\bai2.sct(8): warning: L6314W: No section matches pattern *(InRoot$$Sections).
Program Size: Code=36 RO-data=24 RW-data=4 ZI-data=0  
".\bai2.axf" - 0 Errors, 1 Warning(s).
Build target 'Target 1'
assembling bai2.s...
bai2.s(24): warning: A1581W: Added 2 bytes of padding at address 0x1a
linking...
.\bai2.sct(8): warning: L6314W: No section matches pattern *(InRoot$$Sections).
Program Size: Code=36 RO-data=20 RW-data=4 ZI-data=0  
".\bai2.axf" - 0 Errors, 2 Warning(s).
