ARM Linker, 5.03 [Build 76] [MDK-ARM Standard]

==============================================================================

Section Cross References

    bai2.o(RESET) refers to bai2.o(MYCODE) for start
    bai2.o(MYCODE) refers to bai2.o(RESET) for CHUOIKT
    bai2.o(MYCODE) refers to bai2.o(KETQUA) for KQ


==============================================================================

Image Symbol Table

    Local Symbols

    Symbol Name                              Value     Ov Type        Size  Object(Section)

    bai2.s                                   0x00000000   Number         0  bai2.o ABSOLUTE
    RESET                                    0x08000000   Section       24  bai2.o(RESET)
    CHUOIKT                                  0x08000008   Data          16  bai2.o(RESET)
    MYCODE                                   0x08000018   Section       36  bai2.o(MYCODE)
    start                                    0x08000019   Thumb Code     0  bai2.o(MYCODE)
    KETQUA                                   0x20000000   Section        1  bai2.o(KETQUA)
    KQ                                       0x20000000   Data           1  bai2.o(KETQUA)

    Global Symbols

    Symbol Name                              Value     Ov Type        Size  Object(Section)

    BuildAttributes$$THM_ISAv4$P$D$K$B$S$PE$A:L22UL41UL21$X:L11$S22US41US21$IEEE1$IW$USESV6$~STKCKD$USESV7$~SHL$OSPACE$EBA8$STANDARDLIB$PRES8$EABIv2 0x00000000   Number         0  anon$$obj.o ABSOLUTE



==============================================================================

Memory Map of the image

  Image Entry point : 0x08000019

  Load Region LR_IROM1 (Base: 0x08000000, Size: 0x00000040, Max: 0x00020000, ABSOLUTE)

    Execution Region ER_IROM1 (Base: 0x08000000, Size: 0x0000003c, Max: 0x00020000, ABSOLUTE)

    Base Addr    Size         Type   Attr      Idx    E Section Name        Object

    0x08000000   0x00000018   Data   RO            1    RESET               bai2.o
    0x08000018   0x00000024   Code   RO            3  * MYCODE              bai2.o


    Execution Region RW_IRAM1 (Base: 0x20000000, Size: 0x00000004, Max: 0x00002000, ABSOLUTE)

    Base Addr    Size         Type   Attr      Idx    E Section Name        Object

    0x20000000   0x00000001   Data   RW            2    KETQUA              bai2.o


==============================================================================

Image component sizes


      Code (inc. data)   RO Data    RW Data    ZI Data      Debug   Object Name

        36         10         24          1          0        216   bai2.o

    ----------------------------------------------------------------------
        36         10         24          4          0        216   Object Totals
         0          0          0          0          0          0   (incl. Generated)
         0          0          0          3          0          0   (incl. Padding)

    ----------------------------------------------------------------------
         0          0          0          0          0          0   Library Totals
         0          0          0          0          0          0   (incl. Padding)

    ----------------------------------------------------------------------

==============================================================================


      Code (inc. data)   RO Data    RW Data    ZI Data      Debug   

        36         10         24          4          0        216   Grand Totals
        36         10         24          4          0        216   ELF Image Totals
        36         10         24          4          0          0   ROM Totals

==============================================================================

    Total RO  Size (Code + RO Data)                   60 (   0.06kB)
    Total RW  Size (RW Data + ZI Data)                 4 (   0.00kB)
    Total ROM Size (Code + RO Data + RW Data)         64 (   0.06kB)

==============================================================================

