ARM Linker, 5.03 [Build 76] [MDK-ARM Standard]

==============================================================================

Section Cross References

    bai3.o(RESET) refers to bai3.o(MYCODE) for start
    bai3.o(MYCODE) refers to bai3.o(RESET) for CHON
    bai3.o(MYCODE) refers to bai3.o(KETQUA) for KQCT1
    bai3.o(MYCODE) refers to bai3.o(RESET1) for chuoi2


==============================================================================

Image Symbol Table

    Local Symbols

    Symbol Name                              Value     Ov Type        Size  Object(Section)

    Bai3.s                                   0x00000000   Number         0  bai3.o ABSOLUTE
    RESET                                    0x08000000   Section       18  bai3.o(RESET)
    CHON                                     0x08000008   Data           4  bai3.o(RESET)
    chuoi1                                   0x0800000c   Data           6  bai3.o(RESET)
    MYCODE                                   0x08000014   Section      104  bai3.o(MYCODE)
    start                                    0x08000015   Thumb Code     0  bai3.o(MYCODE)
    CT1                                      0x08000021   Thumb Code    40  bai3.o(MYCODE)
    CT2                                      0x08000049   Thumb Code    34  bai3.o(MYCODE)
    RESET1                                   0x0800007c   Section        9  bai3.o(RESET1)
    chuoi2                                   0x0800007c   Data           4  bai3.o(RESET1)
    KETQUA                                   0x20000000   Section        2  bai3.o(KETQUA)
    KQCT1                                    0x20000000   Data           1  bai3.o(KETQUA)
    KQCT2                                    0x20000001   Data           1  bai3.o(KETQUA)

    Global Symbols

    Symbol Name                              Value     Ov Type        Size  Object(Section)

    BuildAttributes$$THM_ISAv4$P$D$K$B$S$PE$A:L22UL41UL21$X:L11$S22US41US21$IEEE1$IW$USESV6$~STKCKD$USESV7$~SHL$OSPACE$EBA8$STANDARDLIB$PRES8$EABIv2 0x00000000   Number         0  anon$$obj.o ABSOLUTE



==============================================================================

Memory Map of the image

  Image Entry point : 0x08000015

  Load Region LR_IROM1 (Base: 0x08000000, Size: 0x0000008c, Max: 0x00020000, ABSOLUTE)

    Execution Region ER_IROM1 (Base: 0x08000000, Size: 0x00000088, Max: 0x00020000, ABSOLUTE)

    Base Addr    Size         Type   Attr      Idx    E Section Name        Object

    0x08000000   0x00000012   Data   RO            1    RESET               bai3.o
    0x08000012   0x00000002   PAD
    0x08000014   0x00000068   Code   RO            4  * MYCODE              bai3.o
    0x0800007c   0x00000009   Data   RO            2    RESET1              bai3.o


    Execution Region RW_IRAM1 (Base: 0x20000000, Size: 0x00000004, Max: 0x00002000, ABSOLUTE)

    Base Addr    Size         Type   Attr      Idx    E Section Name        Object

    0x20000000   0x00000002   Data   RW            3    KETQUA              bai3.o


==============================================================================

Image component sizes


      Code (inc. data)   RO Data    RW Data    ZI Data      Debug   Object Name

       104         16         27          2          0        348   bai3.o

    ----------------------------------------------------------------------
       104         16         32          4          0        348   Object Totals
         0          0          0          0          0          0   (incl. Generated)
         0          0          5          2          0          0   (incl. Padding)

    ----------------------------------------------------------------------
         0          0          0          0          0          0   Library Totals
         0          0          0          0          0          0   (incl. Padding)

    ----------------------------------------------------------------------

==============================================================================


      Code (inc. data)   RO Data    RW Data    ZI Data      Debug   

       104         16         32          4          0        348   Grand Totals
       104         16         32          4          0        348   ELF Image Totals
       104         16         32          4          0          0   ROM Totals

==============================================================================

    Total RO  Size (Code + RO Data)                  136 (   0.13kB)
    Total RW  Size (RW Data + ZI Data)                 4 (   0.00kB)
    Total ROM Size (Code + RO Data + RW Data)        140 (   0.14kB)

==============================================================================

