ARM Linker, 5.03 [Build 76] [MDK-ARM Standard]

==============================================================================

Section Cross References

    bai7.o(RESET) refers to bai7.o(MYCODE) for start
    bai7.o(MYCODE) refers to bai7.o(RESET) for X


==============================================================================

Image Symbol Table

    Local Symbols

    Symbol Name                              Value     Ov Type        Size  Object(Section)

    bai7.s                                   0x00000000   Number         0  bai7.o ABSOLUTE
    RESET                                    0x08000000   Section       16  bai7.o(RESET)
    X                                        0x08000008   Data           4  bai7.o(RESET)
    Y                                        0x0800000c   Data           4  bai7.o(RESET)
    MYCODE                                   0x08000010   Section       52  bai7.o(MYCODE)
    start                                    0x08000011   Thumb Code     0  bai7.o(MYCODE)

    Global Symbols

    Symbol Name                              Value     Ov Type        Size  Object(Section)

    BuildAttributes$$THM_ISAv4$P$D$K$B$S$PE$A:L22UL41UL21$X:L11$S22US41US21$IEEE1$IW$USESV6$~STKCKD$USESV7$~SHL$OSPACE$EBA8$STANDARDLIB$PRES8$EABIv2 0x00000000   Number         0  anon$$obj.o ABSOLUTE



==============================================================================

Memory Map of the image

  Image Entry point : 0x08000011

  Load Region LR_IROM1 (Base: 0x08000000, Size: 0x00000044, Max: 0x00020000, ABSOLUTE)

    Execution Region ER_IROM1 (Base: 0x08000000, Size: 0x00000044, Max: 0x00020000, ABSOLUTE)

    Base Addr    Size         Type   Attr      Idx    E Section Name        Object

    0x08000000   0x00000010   Data   RO            1    RESET               bai7.o
    0x08000010   0x00000034   Code   RO            2  * MYCODE              bai7.o


    Execution Region RW_IRAM1 (Base: 0x20000000, Size: 0x00000000, Max: 0x00002000, ABSOLUTE)

    **** No section assigned to this execution region ****


==============================================================================

Image component sizes


      Code (inc. data)   RO Data    RW Data    ZI Data      Debug   Object Name

        52          0         16          0          0        228   bai7.o

    ----------------------------------------------------------------------
        52          0         16          0          0        228   Object Totals
         0          0          0          0          0          0   (incl. Generated)
         0          0          0          0          0          0   (incl. Padding)

    ----------------------------------------------------------------------
         0          0          0          0          0          0   Library Totals
         0          0          0          0          0          0   (incl. Padding)

    ----------------------------------------------------------------------

==============================================================================


      Code (inc. data)   RO Data    RW Data    ZI Data      Debug   

        52          0         16          0          0        228   Grand Totals
        52          0         16          0          0        228   ELF Image Totals
        52          0         16          0          0          0   ROM Totals

==============================================================================

    Total RO  Size (Code + RO Data)                   68 (   0.07kB)
    Total RW  Size (RW Data + ZI Data)                 0 (   0.00kB)
    Total ROM Size (Code + RO Data + RW Data)         68 (   0.07kB)

==============================================================================

