<html>
<body>
<pre>
<h1>µVision Build Log</h1>
<h2>Project:</h2>
D:\Developer\Projects\Microcontroller\LTHN\Lab2\Bai5\bai5.uvproj
Project File Date:  09/16/2024

<h2>Output:</h2>
Build target 'Target 1'
assembling bai5.s...
linking...
.\bai5.sct(8): warning: L6314W: No section matches pattern *(InRoot$$Sections).
Program Size: Code=48 RO-data=44 RW-data=0 ZI-data=0  
".\bai5.axf" - 0 Errors, 1 Warning(s).
Build target 'Target 1'
assembling bai5.s...
linking...
.\bai5.sct(8): warning: L6314W: No section matches pattern *(InRoot$$Sections).
Program Size: Code=52 RO-data=44 RW-data=0 ZI-data=0  
".\bai5.axf" - 0 Errors, 1 Warning(s).
Build target 'Target 1'
assembling bai5.s...
bai5.s(45): warning: A1581W: Added 2 bytes of padding at address 0x32
linking...
.\bai5.sct(8): warning: L6314W: No section matches pattern *(InRoot$$Sections).
Program Size: Code=56 RO-data=44 RW-data=0 ZI-data=0  
".\bai5.axf" - 0 Errors, 2 Warning(s).
