ARM Linker, 5.03 [Build 76] [MDK-ARM Standard]

==============================================================================

Section Cross References

    bai1.o(RESET) refers to bai1.o(HUU) for MAIN
    bai1.o(HUU) refers to bai1.o(DATA) for VECTOR1
    bai1.o(HUU) refers to bai1.o(KETQUA) for KQ


==============================================================================

Image Symbol Table

    Local Symbols

    Symbol Name                              Value     Ov Type        Size  Object(Section)

    Bai1.s                                   0x00000000   Number         0  bai1.o ABSOLUTE
    RESET                                    0x08000000   Section        8  bai1.o(RESET)
    HUU                                      0x08000008   Section       68  bai1.o(HUU)
    MAIN                                     0x08000009   Thumb Code     0  bai1.o(HUU)
    DATA                                     0x0800004c   Section       16  bai1.o(DATA)
    VECTOR1                                  0x0800004c   Data           4  bai1.o(DATA)
    VECTOR2                                  0x08000054   Data           4  bai1.o(DATA)
    KETQUA                                   0x20000000   Section        4  bai1.o(KETQUA)
    KQ                                       0x20000000   Data           4  bai1.o(KETQUA)

    Global Symbols

    Symbol Name                              Value     Ov Type        Size  Object(Section)

    BuildAttributes$$THM_ISAv4$P$D$K$B$S$PE$A:L22UL41UL21$X:L11$S22US41US21$IEEE1$IW$USESV6$~STKCKD$USESV7$~SHL$OSPACE$EBA8$STANDARDLIB$PRES8$EABIv2 0x00000000   Number         0  anon$$obj.o ABSOLUTE



==============================================================================

Memory Map of the image

  Image Entry point : 0x08000009

  Load Region LR_IROM1 (Base: 0x08000000, Size: 0x00000060, Max: 0x00020000, ABSOLUTE)

    Execution Region ER_IROM1 (Base: 0x08000000, Size: 0x0000005c, Max: 0x00020000, ABSOLUTE)

    Base Addr    Size         Type   Attr      Idx    E Section Name        Object

    0x08000000   0x00000008   Data   RO            1    RESET               bai1.o
    0x08000008   0x00000044   Code   RO            4  * HUU                 bai1.o
    0x0800004c   0x00000010   Data   RO            2    DATA                bai1.o


    Execution Region RW_IRAM1 (Base: 0x20000000, Size: 0x00000004, Max: 0x00002000, ABSOLUTE)

    Base Addr    Size         Type   Attr      Idx    E Section Name        Object

    0x20000000   0x00000004   Data   RW            3    KETQUA              bai1.o


==============================================================================

Image component sizes


      Code (inc. data)   RO Data    RW Data    ZI Data      Debug   Object Name

        68         12         24          4          0        224   bai1.o

    ----------------------------------------------------------------------
        68         12         24          4          0        224   Object Totals
         0          0          0          0          0          0   (incl. Generated)
         0          0          0          0          0          0   (incl. Padding)

    ----------------------------------------------------------------------
         0          0          0          0          0          0   Library Totals
         0          0          0          0          0          0   (incl. Padding)

    ----------------------------------------------------------------------

==============================================================================


      Code (inc. data)   RO Data    RW Data    ZI Data      Debug   

        68         12         24          4          0        224   Grand Totals
        68         12         24          4          0        224   ELF Image Totals
        68         12         24          4          0          0   ROM Totals

==============================================================================

    Total RO  Size (Code + RO Data)                   92 (   0.09kB)
    Total RW  Size (RW Data + ZI Data)                 4 (   0.00kB)
    Total ROM Size (Code + RO Data + RW Data)         96 (   0.09kB)

==============================================================================

